MPLINK 5.08, LINKER
Linker Map File - Created Sat Mar 30 10:06:51 2019

                                 Section Info
                  Section       Type    Address   Location Size(Bytes)
                ---------  ---------  ---------  ---------  ---------
                   .org_0       code   0x000000    program   0x000002
                   .cinit    romdata   0x000001    program   0x000004
                   .org_1       code   0x000004    program   0x00002a
.config_2007_BUILD/DEFAULT/PRODUCTION/MAIN.O       code   0x002007    program   0x000002



                              Program Memory Usage 
                               Start         End      
                           ---------   ---------      
                            0x000000    0x000002      
                            0x000004    0x000018      
                            0x002007    0x002007      
            25 out of 8454 program addresses used, program memory utilization is 0%



                              Symbols - Sorted by Name
                     Name    Address   Location    Storage File                     
                ---------  ---------  ---------  --------- ---------                
                Interrupt   0x000004    program     static C:\Users\windows\MPLABXProjects\Robo2.X\main.asm
                   LEDOff   0x000016    program     static C:\Users\windows\MPLABXProjects\Robo2.X\main.asm
                    LEDOn   0x000013    program     static C:\Users\windows\MPLABXProjects\Robo2.X\main.asm
               ReadButton   0x000011    program     static C:\Users\windows\MPLABXProjects\Robo2.X\main.asm
                    Start   0x000005    program     static C:\Users\windows\MPLABXProjects\Robo2.X\main.asm



                              Symbols - Sorted by Address
                     Name    Address   Location    Storage File                     
                ---------  ---------  ---------  --------- ---------                
                Interrupt   0x000004    program     static C:\Users\windows\MPLABXProjects\Robo2.X\main.asm
                    Start   0x000005    program     static C:\Users\windows\MPLABXProjects\Robo2.X\main.asm
               ReadButton   0x000011    program     static C:\Users\windows\MPLABXProjects\Robo2.X\main.asm
                    LEDOn   0x000013    program     static C:\Users\windows\MPLABXProjects\Robo2.X\main.asm
                   LEDOff   0x000016    program     static C:\Users\windows\MPLABXProjects\Robo2.X\main.asm


